--------- beginning of system
04-07 22:14:31.791   820  2331 W ActivityTaskManager: callingPackage for (uid=2000, pid=21083) has no WPC
04-07 22:14:31.792   820  2331 V WindowManager: DesktopModeLaunchParamsModifier: phase= 0 task=null activity=null display-area-from-current-params=null display-area-from-default-fallback=DefaultTaskDisplayArea@207768692 display-id=0 task-display-area-windowing-mode=1 suggested-display-area=DefaultTaskDisplayArea@207768692 task null, skipping
04-07 22:14:31.792   820  2331 V WindowManager: TaskLaunchParamsModifier:phase=0 task=null activity=null display-area-from-current-params=null display-area-from-default-fallback=DefaultTaskDisplayArea@207768692 display-id=0 task-display-area-windowing-mode=1 suggested-display-area=DefaultTaskDisplayArea@207768692
--------- beginning of main
04-07 22:14:31.793   820  2331 V GrammaticalInflectionUtils: AttributionSource: android.content.AttributionSource@e19a821e does not have READ_SYSTEM_GRAMMATICAL_GENDER permission.
04-07 22:14:31.793   820  2331 V WindowManager: DesktopModeLaunchParamsModifier: phase= 0 task=null activity=ActivityRecord{99689836 u0 com.example.contactappv1/.MainActivity display-area-from-current-params=null display-area-from-default-fallback=DefaultTaskDisplayArea@207768692 display-id=0 task-display-area-windowing-mode=1 suggested-display-area=DefaultTaskDisplayArea@207768692 task null, skipping
04-07 22:14:31.793   820  2331 V WindowManager: TaskLaunchParamsModifier:phase=0 task=null activity=ActivityRecord{99689836 u0 com.example.contactappv1/.MainActivity t-1} display-area-from-current-params=null display-area-from-default-fallback=DefaultTaskDisplayArea@207768692 display-id=0 task-display-area-windowing-mode=1 suggested-display-area=DefaultTaskDisplayArea@207768692
04-07 22:14:31.794   820  2331 V WindowManager: DesktopModeLaunchParamsModifier: phase= 3 task=null activity=ActivityRecord{99689836 u0 com.example.contactappv1/.MainActivity t-1} display-area-from-current-params=null display-area-from-default-fallback=DefaultTaskDisplayArea@207768692 display-id=0 task-display-area-windowing-mode=1 suggested-display-area=DefaultTaskDisplayArea@207768692 task null, skipping
04-07 22:14:31.794   820  2331 V WindowManager: TaskLaunchParamsModifier:phase=3 task=null activity=ActivityRecord{99689836 u0 com.example.contactappv1/.MainActivity t-1} display-area-from-current-params=null display-area-from-default-fallback=DefaultTaskDisplayArea@207768692 display-id=0 task-display-area-windowing-mode=1 suggested-display-area=DefaultTaskDisplayArea@207768692 non-freeform-task-display-area display-area=DefaultTaskDisplayArea@207768692 skip-bounds-fullscreen
04-07 22:14:31.796   820  2331 V WindowManager: DesktopModeLaunchParamsModifier: phase= 3 task=Task{e9c0735 #47 type=standard A=10227:com.example.contactappv1} activity=ActivityRecord{99689836 u0 com.example.contactappv1/.MainActivity t-1} display-from-task=0 display-id=0 task-display-area-windowing-mode=1 suggested-display-area=DefaultTaskDisplayArea@207768692 not entering desktop mode, skipping
04-07 22:14:31.796   820  2331 V WindowManager: TaskLaunchParamsModifier:phase=3 task=Task{e9c0735 #47 type=standard A=10227:com.example.contactappv1} activity=ActivityRecord{99689836 u0 com.example.contactappv1/.MainActivity t-1} display-from-task=0 display-id=0 task-display-area-windowing-mode=1 suggested-display-area=DefaultTaskDisplayArea@207768692 inherit-from-task=fullscreen non-freeform-task-display-area display-area=DefaultTaskDisplayArea@207768692 skip-bounds-fullscreen
04-07 22:14:31.798   657  1891 I libbinder.BpBinder: onLastStrongRef automatically unlinking death recipients for descriptor: '(not cached)'
04-07 22:14:31.801   820  2331 I ActivityTaskManager: START u0 {flg=0x10000000 xflg=0x5 cmp=com.example.contactappv1/.MainActivity} with LAUNCH_MULTIPLE from uid 2000 (com.android.shell) (BAL_ALLOW_PERMISSION) result code=0
04-07 22:14:31.802  1451  1518 V WindowManagerShell: Transition requested (#150): android.os.BinderProxy@7947d6 TransitionRequestInfo { type = OPEN, triggerTask = TaskInfo{userId=0 taskId=47 effectiveUid=10227 displayId=0 isRunning=true baseIntent=Intent { flg=0x10000000 cmp=com.example.contactappv1/.MainActivity } baseActivity=ComponentInfo{com.example.contactappv1/com.example.contactappv1.MainActivity} topActivity=ComponentInfo{com.example.contactappv1/com.example.contactappv1.MainActivity} origActivity=null realActivity=ComponentInfo{com.example.contactappv1/com.example.contactappv1.MainActivity} numActivities=1 lastActiveTime=44892894 supportsMultiWindow=true resizeMode=1 isResizeable=true minWidth=-1 minHeight=-1 defaultMinSize=220 token=WCT{android.os.BinderProxy@d0afa57} topActivityType=1 pictureInPictureParams=null shouldDockBigOverlays=false launchIntoPipHostTaskId=-1 lastParentTaskIdBeforePip=-1 displayCutoutSafeInsets=Rect(0, 0 - 0, 0) topActivityInfo=ActivityInfo{c3d4944 com.example.contactappv1.MainActivity} launchCookies=[] positionInParent=Point(0, 0) parentTaskId=-1 isFocused=false isVisible=false isVisibleRequested=false isTopActivityNoDisplay=false isSleeping=false locusId=null displayAreaFeatureId=1 isTopActivityTransparent=false isActivityStackTransparent=false lastNonFullscreenBounds=null capturedLink=null capturedLinkTimestamp=0 requestedVisibleTypes=503 topActivityRequestOpenInBrowserEducationTimestamp=0 appCompatTaskInfo=AppCompatTaskInfo { topActivityInSizeCompat=false isLeafTask= true eligibleForLetterboxEducation= false isLetterboxEducationEnabled= true isLetterboxDoubleTapEnabled= false eligibleForUserAspectRatioButton= false topActivityBoundsLetterboxed= false isFromLetterboxDoubleTap= false topActivityLetterboxVerticalPosition= -1 topActivityLetterboxHorizontalPosition= -1 topActivityLetterboxWidth=-1 topActivityLetterboxHeight=-1 topActivityAppBounds=Rect(0, 0 - 1080, 2400) isUserFullscreenOverrideEnabled=false isSystemFullscreenOverrideEnabled=false hasMinAspectRatioOverride=false topActivityLetterboxBounds=null cameraCompatTaskInfo=CameraCompatTaskInfo { cameraCompatMode=inactive0} topNonResizableActivityAspectRatio=-1.0} topActivityMainWindowFrame=null isAppBubble=false}, pipChange = null, remoteTransition = null, displayChange = null, requestedLocation = null, userChange = null, windowingLayerChange = null, flags = 0, debugId = 150 }
04-07 22:14:31.802  1451  1518 D ShellSplitScreen: logExit: no-op, mLoggerSessionId is null
04-07 22:14:31.803  1718  1718 D BaseActivity: Launcher flags updated: [state_started|state_resumed|state_deferred_resumed|state_window_focused] -[state_user_active]
04-07 22:14:31.804  1718  1718 D BaseActivity: Launcher flags updated: [state_started|state_window_focused] -[state_resumed|state_deferred_resumed]
04-07 22:14:31.804  1718  1718 W SplitSelectStateCtor: Missing session instanceIds
04-07 22:14:31.804  1718  1718 D StatsLog: LAUNCHER_SPLIT_SELECTION_EXIT_INTERRUPTED
04-07 22:14:31.806  1451  1518 D WindowManagerShell: setLauncherKeepClearAreaHeight: visible=false, height=495
04-07 22:14:31.810   820  2331 V WindowManager: Defer transition id=150 for TaskFragmentTransaction=android.os.Binder@792e1b1
04-07 22:14:31.810   820  2331 V WindowManager: deferTransitionReady deferReadyDepth=1 stack=com.android.server.wm.TransitionController.deferTransitionReady:1061 com.android.server.wm.TaskFragmentOrganizerController$TaskFragmentOrganizerState.dispatchTransaction:517 com.android.server.wm.TaskFragmentOrganizerController.dispatchPendingEvents:1259 com.android.server.wm.TaskFragmentOrganizerController.dispatchPendingEvents:1228 com.android.server.wm.RootWindowContainer.performSurfacePlacement:777 
04-07 22:14:31.811   820   860 V GrammaticalInflectionUtils: AttributionSource: android.content.AttributionSource@e19a821e does not have READ_SYSTEM_GRAMMATICAL_GENDER permission.
04-07 22:14:31.811  1718  1718 D RecentsView: onTaskDisplayChanged: 47, new displayId = 0
04-07 22:14:31.815  1718  1718 D b/417220811: invalidateLoadedTasks - previous requestLoadId: -1
04-07 22:14:31.815  1718  1718 D b/417220811: invalidateLoadedTasks - previous requestLoadId: -1
04-07 22:14:31.817   820  2331 V WindowManager: Continue transition id=150 for TaskFragmentTransaction=android.os.Binder@792e1b1
04-07 22:14:31.817   820  2331 V WindowManager: continueTransitionReady deferReadyDepth=0 stack=com.android.server.wm.TransitionController.continueTransitionReady:1071 com.android.server.wm.TaskFragmentOrganizerController$TaskFragmentOrganizerState.onTransactionFinished:546 com.android.server.wm.TaskFragmentOrganizerController.onTransactionHandled:740 android.window.ITaskFragmentOrganizerController$Stub.onTransact:225 android.os.Binder.execTransactInternal:1473 
04-07 22:14:31.823   820  1400 D BackgroundInstallControlService: Package event received: 0
04-07 22:14:31.823   577   577 D Zygote  : Forked child process 21086
04-07 22:14:31.824   692   797 W libbinder.IPCThreadState: Sending oneway calls to frozen process.
04-07 22:14:31.824   692   797 W libbinder.IPCThreadState: Sending oneway calls to frozen process.
04-07 22:14:31.827   820   868 I ActivityManager: Start proc 21086:com.example.contactappv1/u0a227 for next-top-activity {com.example.contactappv1/com.example.contactappv1.MainActivity}
04-07 22:14:31.848 21086 21086 I Zygote  : Process 21086 created for com.example.contactappv1
04-07 22:14:31.849 21086 21086 I le.contactappv1: Late-enabling -Xcheck:jni
04-07 22:14:31.863  1718  1718 D BaseActivity: Launcher flags updated: [state_started] -[state_window_focused]
04-07 22:14:31.875 21086 21086 I le.contactappv1: Using CollectorTypeCMC GC.
04-07 22:14:31.877 21086 21086 W le.contactappv1: Unexpected CPU variant for x86: x86_64.
04-07 22:14:31.877 21086 21086 W le.contactappv1: Known variants: atom, sandybridge, silvermont, goldmont, goldmont-plus, goldmont-without-sha-xsaves, tremont, kabylake, alderlake, default
04-07 22:14:31.887  1768  1778 I adbd    : jdwp connection from 21086
04-07 22:14:31.906 21086 21086 D nativeloader: Load libframework-connectivity-tiramisu-jni.so using APEX ns com_android_tethering for caller /apex/com.android.tethering/javalib/framework-connectivity-t.jar: ok
04-07 22:14:31.911   820   857 V WindowManager: Sent Transition (#150) createdAt=04-07 22:14:31.793 via request=TransitionRequestInfo { type = OPEN, triggerTask = TaskInfo{userId=0 taskId=47 effectiveUid=10227 displayId=0 isRunning=true baseIntent=Intent { flg=0x10000000 cmp=com.example.contactappv1/.MainActivity } baseActivity=ComponentInfo{com.example.contactappv1/com.example.contactappv1.MainActivity} topActivity=ComponentInfo{com.example.contactappv1/com.example.contactappv1.MainActivity} origActivity=null realActivity=ComponentInfo{com.example.contactappv1/com.example.contactappv1.MainActivity} numActivities=1 lastActiveTime=44892894 supportsMultiWindow=true resizeMode=1 isResizeable=true minWidth=-1 minHeight=-1 defaultMinSize=220 token=WCT{RemoteToken{2e3826e Task{e9c0735 #47 type=standard A=10227:com.example.contactappv1}}} topActivityType=1 pictureInPictureParams=null shouldDockBigOverlays=false launchIntoPipHostTaskId=-1 lastParentTaskIdBeforePip=-1 displayCutoutSafeInsets=Rect(0, 0 - 0, 0) topActivityInfo=ActivityInfo{bb03d0f com.example.contactappv1.MainActivity} launchCookies=[] positionInParent=Point(0, 0) parentTaskId=-1 isFocused=false isVisible=false isVisibleRequested=false isTopActivityNoDisplay=false isSleeping=false locusId=null displayAreaFeatureId=1 isTopActivityTransparent=false isActivityStackTransparent=false lastNonFullscreenBounds=null capturedLink=null capturedLinkTimestamp=0 requestedVisibleTypes=503 topActivityRequestOpenInBrowserEducationTimestamp=0 appCompatTaskInfo=AppCompatTaskInfo { topActivityInSizeCompat=false isLeafTask= true eligibleForLetterboxEducation= false isLetterboxEducationEnabled= true isLetterboxDoubleTapEnabled= false eligibleForUserAspectRatioButton= false topActivityBoundsLetterboxed= false isFromLetterboxDoubleTap= false topActivityLetterboxVerticalPosition= -1 topActivityLetterboxHorizontalPosition= -1 topActivityLetterboxWidth=-1 topActivityLetterboxHeight=-1 topActivityAppBounds=Rect(0, 0 - 1080, 2400) isUserFullscreenOverrideEnabled=false isSystemFullscreenOverrideEnabled=false hasMinAspectRatioOverride=false topActivityLetterboxBounds=null cameraCompatTaskInfo=CameraCompatTaskInfo { cameraCompatMode=inactive0} topNonResizableActivityAspectRatio=-1.0} topActivityMainWindowFrame=null isAppBubble=false}, pipChange = null, remoteTransition = null, displayChange = null, requestedLocation = null, userChange = null, windowingLayerChange = null, flags = 0, debugId = 150 }
04-07 22:14:31.911   820   857 V WindowManager:     startWCT=WindowContainerTransaction { changes= {} hops= [] errorCallbackToken=null taskFragmentOrganizer=null }
04-07 22:14:31.911   820   857 V WindowManager:     info={id=150 t=OPEN f=0x0 trk=0 r=[0@Point(0, 0)] c=[
04-07 22:14:31.911   820   857 V WindowManager:         {WCT{RemoteToken{2e3826e Task{e9c0735 #47 type=standard A=10227:com.example.contactappv1}}} m=OPEN f=NONE leash=Surface(name=Task=47#1765)/@0x6752622 sb=Rect(0, 0 - 1080, 2400) eb=Rect(0, 0 - 1080, 2400) epz=Point(1080, 2400) d=0 taskParent=-1 winMode=1 userId=0},
04-07 22:14:31.911   820   857 V WindowManager:         {WCT{RemoteToken{d4b464e Task{237f96a #1 type=home}}} m=TO_BACK f=SHOW_WALLPAPER leash=Surface(name=Task=1#44)/@0x3e92f3c sb=Rect(0, 0 - 1080, 2400) eb=Rect(0, 0 - 1080, 2400) epz=Point(1080, 2400) d=0 taskParent=-1 winMode=1 userId=0},
04-07 22:14:31.911   820   857 V WindowManager:         {m=TO_BACK f=IS_WALLPAPER leash=Surface(name=WallpaperWindowToken{116a605}#61)/@0x2a88f0e sb=Rect(0, 0 - 1080, 2400) eb=Rect(0, 0 - 1080, 2400) epz=Point(1080, 2400) d=0}
04-07 22:14:31.911   820   857 V WindowManager:     ]}
04-07 22:14:31.915  1451  1646 V WindowManagerShell: onTransitionReady(transaction=3521873198956)
04-07 22:14:31.916  1451  1518 V WindowManagerShell: onTransitionReady (#150) android.os.BinderProxy@7947d6: {id=150 t=OPEN f=0x0 trk=0 r=[0@Point(0, 0)] c=[
04-07 22:14:31.916  1451  1518 V WindowManagerShell:         {m=OPEN f=NONE leash=Surface(name=Task=47#1765)/@0xe3d993c sb=Rect(0, 0 - 1080, 2400) eb=Rect(0, 0 - 1080, 2400) epz=Point(1080, 2400) d=0 taskParent=-1 winMode=1 userId=0},
04-07 22:14:31.916  1451  1518 V WindowManagerShell:         {m=TO_BACK f=SHOW_WALLPAPER leash=Surface(name=Task=1#44)/@0x552b6c5 sb=Rect(0, 0 - 1080, 2400) eb=Rect(0, 0 - 1080, 2400) epz=Point(1080, 2400) d=0 taskParent=-1 winMode=1 userId=0},
04-07 22:14:31.916  1451  1518 V WindowManagerShell:         {m=TO_BACK f=IS_WALLPAPER leash=Surface(name=WallpaperWindowToken{116a605}#61)/@0x946081a sb=Rect(0, 0 - 1080, 2400) eb=Rect(0, 0 - 1080, 2400) epz=Point(1080, 2400) d=0}
04-07 22:14:31.916  1451  1518 V WindowManagerShell:     ]}
04-07 22:14:31.916  1451  1518 V WindowManagerShell: Playing animation for (#150) android.os.BinderProxy@7947d6@0
04-07 22:14:31.916  1451  1518 V ShellRecents: RecentsTransitionHandler.startAnimation: no controller found
04-07 22:14:31.917  1451  1518 V WindowManagerShell: Transition doesn't have explicit remote, search filters for match for {id=150 t=OPEN f=0x0 trk=0 r=[0@Point(0, 0)] c=[{m=OPEN f=NONE leash=Surface(name=Task=47#1765)/@0xe3d993c sb=Rect(0, 0 - 1080, 2400) eb=Rect(0, 0 - 1080, 2400) epz=Point(1080, 2400) d=0 taskParent=-1 winMode=1 userId=0},{m=TO_BACK f=SHOW_WALLPAPER leash=Surface(name=Task=1#44)/@0x552b6c5 sb=Rect(0, 0 - 1080, 2400) eb=Rect(0, 0 - 1080, 2400) epz=Point(1080, 2400) d=0 taskParent=-1 winMode=1 userId=0},{m=TO_BACK f=IS_WALLPAPER leash=Surface(name=WallpaperWindowToken{116a605}#61)/@0x946081a sb=Rect(0, 0 - 1080, 2400) eb=Rect(0, 0 - 1080, 2400) epz=Point(1080, 2400) d=0}]}
04-07 22:14:31.928  1451  1518 V WindowManagerShell:  Checking filter Pair{{types=[] flags=0x0] notFlags=0x0 checks=[{atype=undefined independent=true modes=[CLOSE,TO_BACK] flags=IN_TASK_WITH_EMBEDDED_ACTIVITY mustBeTask=false order=ANY topActivity=null launchCookie=null taskFragmentToken=android.os.BinderProxy@476d5af windowingMode=undefined isCrossDisplayMove=false}]} RemoteTransition { remoteTransition = android.window.IRemoteTransition$Stub$Proxy@e7dbc, appThread = android.app.IApplicationThread$Stub$Proxy@be30145, debugName = overlayBackTransition }}
04-07 22:14:31.937  1451  1518 V WindowManagerShell:  Checking filter Pair{{types=[] flags=0x0] notFlags=0x0 checks=[{atype=dream independent=true modes=[OPEN,TO_FRONT] flags=NONE mustBeTask=false order=ANY topActivity=null launchCookie=null windowingMode=undefined isCrossDisplayMove=false},{atype=home independent=true modes=[CLOSE,TO_BACK] flags=NONE mustBeTask=false order=ANY topActivity=null launchCookie=null windowingMode=undefined isCrossDisplayMove=false}]} RemoteTransition { remoteTransition = android.window.IRemoteTransition$Stub$Proxy@a68c09a, appThread = android.app.IApplicationThread$Stub$Proxy@a651dcb, debugName = LauncherToDream }}
04-07 22:14:31.937  1451  1518 V WindowManagerShell:  Checking filter Pair{{types=[] flags=0x0] notFlags=0x100 checks=[{atype=home independent=true modes=[OPEN,TO_FRONT] flags=NONE mustBeTask=false order=TOP topActivity=ComponentInfo{com.google.android.apps.nexuslauncher/com.google.android.apps.nexuslauncher.NexusLauncherActivity} launchCookie=null windowingMode=undefined isCrossDisplayMove=false},{atype=standard independent=true modes=[CLOSE,TO_BACK] flags=NONE mustBeTask=false order=ANY topActivity=null launchCookie=null windowingMode=undefined isCrossDisplayMove=false},{NOT atype=undefined independent=true modes=[] flags=NONE mustBeTask=true order=ANY topActivity=null launchCookie=null customAnim=true windowingMode=undefined isCrossDisplayMove=false}]} RemoteTransition { remoteTransition = android.window.IRemoteTransition$Stub$Proxy@223b9a8, appThread = android.app.IApplicationThread$Stub$Proxy@bb76cc1, debugName = QuickstepLaunchHome }}
04-07 22:14:31.937  1451  1518 V WindowManagerShell:  Delegate animation for (#150) to null
04-07 22:14:31.937  1451  1518 V WindowManagerShell: start default transition animation, info = {id=150 t=OPEN f=0x0 trk=0 r=[0@Point(0, 0)] c=[{m=OPEN f=NONE leash=Surface(name=Task=47#1765)/@0xe3d993c sb=Rect(0, 0 - 1080, 2400) eb=Rect(0, 0 - 1080, 2400) epz=Point(1080, 2400) d=0 taskParent=-1 winMode=1 userId=0},{m=TO_BACK f=SHOW_WALLPAPER leash=Surface(name=Task=1#44)/@0x552b6c5 sb=Rect(0, 0 - 1080, 2400) eb=Rect(0, 0 - 1080, 2400) epz=Point(1080, 2400) d=0 taskParent=-1 winMode=1 userId=0},{m=TO_BACK f=IS_WALLPAPER leash=Surface(name=WallpaperWindowToken{116a605}#61)/@0x946081a sb=Rect(0, 0 - 1080, 2400) eb=Rect(0, 0 - 1080, 2400) epz=Point(1080, 2400) d=0}]}
04-07 22:14:31.938  1451  1518 V WindowManagerShell: loadAnimation: anim=android.view.animation.AnimationSet@eac8be6 animAttr=0x13 type=OPEN isEntrance=false
04-07 22:14:31.938  1451  1518 V WindowManagerShell: loadAnimation: anim=android.view.animation.AnimationSet@bfbd527 animAttr=0x12 type=OPEN isEntrance=true
04-07 22:14:31.940  1451  1518 V WindowManagerShell:  animated by com.android.wm.shell.transition.DefaultTransitionHandler@2f85631
04-07 22:14:31.940  1451  1518 V ShellTaskOrganizer: Task appeared taskId=47 listener=FullscreenTaskListener
04-07 22:14:31.941  1451  1518 V ShellTaskOrganizer: Fullscreen Task Appeared: #47
04-07 22:14:31.945   820  1400 D BackgroundInstallControlService: Package event received: 0
04-07 22:14:31.974  1718  1718 D b/417220811: invalidateLoadedTasks - previous requestLoadId: -1
04-07 22:14:31.974  1718  1718 D b/417220811: invalidateLoadedTasks - previous requestLoadId: -1
04-07 22:14:32.024   820  1344 I HalDevMgr: bestIfaceCreationProposal is null, requestIface=STA, existingIface=[name=wlan0 type=STA]
04-07 22:14:32.107 21086 21086 D nativeloader: Configuring clns-9 for other apk /data/app/~~OxiPqFFlRteyGYzgMGhFHQ==/com.example.contactappv1-RN71B2GS8LDEXucuhWAblw==/base.apk. target_sdk_version=36, uses_libraries=, library_path=/data/app/~~OxiPqFFlRteyGYzgMGhFHQ==/com.example.contactappv1-RN71B2GS8LDEXucuhWAblw==/lib/x86_64, permitted_path=/data:/mnt/expand:/data/user/0/com.example.contactappv1
04-07 22:14:32.125 21086 21086 V GraphicsEnvironment: Currently set values for:
04-07 22:14:32.125 21086 21086 V GraphicsEnvironment:   angle_gl_driver_selection_pkgs=[]
04-07 22:14:32.125 21086 21086 V GraphicsEnvironment:   angle_gl_driver_selection_values=[]
04-07 22:14:32.125 21086 21086 V GraphicsEnvironment: com.example.contactappv1 is not listed in per-application setting
04-07 22:14:32.126 21086 21086 V GraphicsEnvironment: ANGLE allowlist from config: com.dreamgames.royalmatch com.dts.freefiremax com.dxx.firenow com.gramgames.mergedragons com.ludo.king com.mojang.minecraftpe com.my.defense com.nintendo.zaka com.os.airforce com.playrix.fishdomdd.gplay io.teslatech.callbreak jp.konami.prospia net.peakgames.toonblast
04-07 22:14:32.126 21086 21086 V GraphicsEnvironment: No special selections for ANGLE, returning default driver choice
04-07 22:14:32.126 21086 21086 V GraphicsEnvironment: Neither updatable production driver nor prerelease driver is supported.
04-07 22:14:32.191   820  1400 D BackgroundInstallControlService: Package event received: 0
04-07 22:14:32.191   820  1400 D BackgroundInstallControlService: Package event received: 0
04-07 22:14:32.196 21086 21101 I DisplayManager: Choreographer implicitly registered for the refresh rate.
04-07 22:14:32.249  1451  1518 V WindowManagerShell: Transition animation finished (aborted=false), notifying core (#150) android.os.BinderProxy@7947d6@0
04-07 22:14:32.254   820   857 V WindowManager: Finish Transition (#150): created at 04-07 22:14:31.793 collect-started=0.098ms request-sent=7.511ms started=10.329ms ready=114.038ms sent=116.056ms commit=47.998ms finished=459.837ms
04-07 22:14:32.254  1451  1711 D WallpaperService: onVisibilityChanged(false): com.android.systemui.wallpapers.ImageWallpaper$CanvasEngine@ea89274
04-07 22:14:32.255  1718  1718 D VRI[NexusLauncherActivity]: visibilityChanged oldVisibility=true newVisibility=false
04-07 22:14:32.255  1451  1518 V WindowManagerShell: Track 0 became idle
04-07 22:14:32.255  1451  1518 V WindowManagerShell: All active transition animations finished
04-07 22:14:32.265  1718  1718 D NexusLauncherModelDelegate: notifySmartspaceEvent: SmartspaceTargetEvent{mSmartspaceTarget=null, mSmartspaceActionId='null', mEventType=7}
04-07 22:14:32.268 21086 21101 I GFXSTREAM: [eglDisplay.cpp(297)] Opening libGLESv1_CM_emulation.so
04-07 22:14:32.270  1451  1518 D Bubbles : onLocusVisibilityChanged=Overview|DISABLED visible=false taskId=1
04-07 22:14:32.270 21086 21101 I GFXSTREAM: [eglDisplay.cpp(297)] Opening libGLESv2_emulation.so
04-07 22:14:32.306 21086 21086 D DesktopExperienceFlags: Toggle override initialized to: false
04-07 22:14:32.311 21086 21101 W HWUI    : Failed to choose config with EGL_SWAP_BEHAVIOR_PRESERVED, retrying without...
04-07 22:14:32.311 21086 21101 W HWUI    : Failed to initialize 101010-2 format, error = EGL_SUCCESS
04-07 22:14:32.336 21086 21086 D AppCompatDelegate: Checking for metadata for AppLocalesMetadataHolderService : Service not found
04-07 22:14:32.350 21086 21086 E ashmem  : Pinning is deprecated since Android Q. Please use trim or other methods.
04-07 22:14:32.516 21086 21086 D CompatChangeReporter: Compat change id reported: 377864165; UID 10227; state: ENABLED
04-07 22:14:32.516 21086 21086 D DesktopModeFlags: Toggle override initialized to: OVERRIDE_UNSET
04-07 22:14:32.550 21086 21086 I le.contactappv1: hiddenapi: Accessing hidden method Landroid/view/ViewGroup;->makeOptionalFitsSystemWindows()V (runtime_flags=0, domain=platform, api=unsupported) from Landroidx/appcompat/widget/ViewUtils; (domain=app, TargetSdkVersion=36) using reflection: allowed
04-07 22:14:32.666 21086 21086 I HWUI    : Using FreeType backend (prop=Auto)
04-07 22:14:32.948 21086 21086 E TransactionExecutor: Failed to execute the transaction: tId:1892332797 ClientTransaction{
04-07 22:14:32.948 21086 21086 E TransactionExecutor: tId:1892332797   transactionItems=[
04-07 22:14:32.948 21086 21086 E TransactionExecutor: tId:1892332797     LaunchActivityItem{activityToken=android.os.BinderProxy@a902732,intent=Intent { flg=0x10000000 xflg=0x5 cmp=com.example.contactappv1/.MainActivity },ident=99689836,info=ActivityInfo{60422ff com.example.contactappv1.MainActivity},curConfig={1.0 310mcc260mnc [en_US] ldltr sw411dp w411dp h914dp 420dpi nrml long compactNeeded port finger qwerty/v/v dpad/v winConfig={ mBounds=Rect(0, 0 - 1080, 2400) mAppBounds=Rect(0, 0 - 1080, 2400) mMaxBounds=Rect(0, 0 - 1080, 2400) mDisplayRotation=ROTATION_0 mWindowingMode=fullscreen mActivityType=undefined mAlwaysOnTop=undefined mRotation=ROTATION_0} as.2 s.229 fontWeightAdjustment=0},overrideConfig={1.0 310mcc260mnc [en_US] ldltr sw411dp w411dp h914dp 420dpi nrml long compactNeeded port finger qwerty/v/v dpad/v winConfig={ mBounds=Rect(0, 0 - 1080, 2400) mAppBounds=Rect(0, 0 - 1080, 2400) mMaxBounds=Rect(0, 0 - 1080, 2400) mDisplayRotation=ROTATION_0 mWindowingMode=fullscreen mActivityType=standard mAlwaysOnTop=undefined mRotation=ROTATION_0} as.2 s.2 fontWeightAdjustment=0},deviceId=0,referrer=com.android.shell,procState=2,state=null,persistentState=null,pendingResults=null,pendingNewIntents=null,sceneTransitionInfo=null,profilerInfo=null,assistToken=android.os.BinderProxy@a3222a0,shareableActivityToken=android.os.BinderProxy@5a5ae59,activityWindowInfo=ActivityWindowInfo{isEmbedded=false, taskBounds=Rect(0, 0 - 1080, 2400), taskFragmentBounds=Rect(0, 0 - 1080, 2400)},displayId=0}
04-07 22:14:32.948 21086 21086 E TransactionExecutor: tId:1892332797     ResumeActivityItem{mActivityToken=android.os.BinderProxy@a902732,procState=-1,isForward=true,shouldSendCompatFakeFocus=false}
04-07 22:14:32.948 21086 21086 E TransactionExecutor: tId:1892332797     Target activity: com.example.contactappv1.MainActivity
04-07 22:14:32.948 21086 21086 E TransactionExecutor: tId:1892332797   ]
04-07 22:14:32.948 21086 21086 E TransactionExecutor: tId:1892332797 }
04-07 22:14:32.948 21086 21086 D AndroidRuntime: Shutting down VM
--------- beginning of crash
04-07 22:14:32.950 21086 21086 E AndroidRuntime: FATAL EXCEPTION: main
04-07 22:14:32.950 21086 21086 E AndroidRuntime: Process: com.example.contactappv1, PID: 21086
04-07 22:14:32.950 21086 21086 E AndroidRuntime: java.lang.NullPointerException: Attempt to invoke virtual method 'void android.widget.LinearLayout.setOnClickListener(android.view.View$OnClickListener)' on a null object reference
04-07 22:14:32.950 21086 21086 E AndroidRuntime: 	at com.example.contactappv1.fragment.KeypadFragment.setupKey(KeypadFragment.java:90)
04-07 22:14:32.950 21086 21086 E AndroidRuntime: 	at com.example.contactappv1.fragment.KeypadFragment.onCreateView(KeypadFragment.java:40)
04-07 22:14:32.950 21086 21086 E AndroidRuntime: 	at androidx.fragment.app.Fragment.performCreateView(Fragment.java:3104)
04-07 22:14:32.950 21086 21086 E AndroidRuntime: 	at androidx.fragment.app.FragmentStateManager.createView(FragmentStateManager.java:524)
04-07 22:14:32.950 21086 21086 E AndroidRuntime: 	at androidx.fragment.app.FragmentStateManager.moveToExpectedState(FragmentStateManager.java:261)
04-07 22:14:32.950 21086 21086 E AndroidRuntime: 	at androidx.fragment.app.FragmentManager.executeOpsTogether(FragmentManager.java:1899)
04-07 22:14:32.950 21086 21086 E AndroidRuntime: 	at androidx.fragment.app.FragmentManager.removeRedundantOperationsAndExecute(FragmentManager.java:1817)
04-07 22:14:32.950 21086 21086 E AndroidRuntime: 	at androidx.fragment.app.FragmentManager.execPendingActions(FragmentManager.java:1760)
04-07 22:14:32.950 21086 21086 E AndroidRuntime: 	at androidx.fragment.app.FragmentManager.dispatchStateChange(FragmentManager.java:2985)
04-07 22:14:32.950 21086 21086 E AndroidRuntime: 	at androidx.fragment.app.FragmentManager.dispatchActivityCreated(FragmentManager.java:2895)
04-07 22:14:32.950 21086 21086 E AndroidRuntime: 	at androidx.fragment.app.FragmentController.dispatchActivityCreated(FragmentController.java:263)
04-07 22:14:32.950 21086 21086 E AndroidRuntime: 	at androidx.fragment.app.FragmentActivity.onStart(FragmentActivity.java:351)
04-07 22:14:32.950 21086 21086 E AndroidRuntime: 	at androidx.appcompat.app.AppCompatActivity.onStart(AppCompatActivity.java:238)
04-07 22:14:32.950 21086 21086 E AndroidRuntime: 	at android.app.Instrumentation.callActivityOnStart(Instrumentation.java:1716)
04-07 22:14:32.950 21086 21086 E AndroidRuntime: 	at android.app.Activity.performStart(Activity.java:9349)
04-07 22:14:32.950 21086 21086 E AndroidRuntime: 	at android.app.ActivityThread.handleStartActivity(ActivityThread.java:4522)
04-07 22:14:32.950 21086 21086 E AndroidRuntime: 	at android.app.servertransaction.TransactionExecutor.performLifecycleSequence(TransactionExecutor.java:214)
04-07 22:14:32.950 21086 21086 E AndroidRuntime: 	at android.app.servertransaction.TransactionExecutor.cycleToPath(TransactionExecutor.java:194)
04-07 22:14:32.950 21086 21086 E AndroidRuntime: 	at android.app.servertransaction.TransactionExecutor.executeLifecycleItem(TransactionExecutor.java:166)
04-07 22:14:32.950 21086 21086 E AndroidRuntime: 	at android.app.servertransaction.TransactionExecutor.executeTransactionItems(TransactionExecutor.java:101)
04-07 22:14:32.950 21086 21086 E AndroidRuntime: 	at android.app.servertransaction.TransactionExecutor.execute(TransactionExecutor.java:80)
04-07 22:14:32.950 21086 21086 E AndroidRuntime: 	at android.app.ActivityThread$H.handleMessage(ActivityThread.java:2961)
04-07 22:14:32.950 21086 21086 E AndroidRuntime: 	at android.os.Handler.dispatchMessage(Handler.java:132)
04-07 22:14:32.950 21086 21086 E AndroidRuntime: 	at android.os.Looper.dispatchMessage(Looper.java:333)
04-07 22:14:32.950 21086 21086 E AndroidRuntime: 	at android.os.Looper.loopOnce(Looper.java:263)
04-07 22:14:32.950 21086 21086 E AndroidRuntime: 	at android.os.Looper.loop(Looper.java:367)
04-07 22:14:32.950 21086 21086 E AndroidRuntime: 	at android.app.ActivityThread.main(ActivityThread.java:9282)
04-07 22:14:32.950 21086 21086 E AndroidRuntime: 	at java.lang.reflect.Method.invoke(Native Method)
04-07 22:14:32.950 21086 21086 E AndroidRuntime: 	at com.android.internal.os.RuntimeInit$MethodAndArgsCaller.run(RuntimeInit.java:566)
04-07 22:14:32.950 21086 21086 E AndroidRuntime: 	at com.android.internal.os.ZygoteInit.main(ZygoteInit.java:929)
04-07 22:14:32.953   820 21103 I DropBoxManagerService: add tag=data_app_crash isTagEnabled=true flags=0x2
04-07 22:14:32.954   820  2518 W ActivityTaskManager:   Force finishing activity com.example.contactappv1/.MainActivity
04-07 22:14:32.955   820  2518 W TransitionChain: Combining AR.finish-force-crash into #151(CLOSE|R|0x10) from finishTopCrash
04-07 22:14:32.955  1451  1518 V WindowManagerShell: Transition requested (#151): android.os.BinderProxy@7265940 TransitionRequestInfo { type = CLOSE, triggerTask = TaskInfo{userId=0 taskId=47 effectiveUid=10227 displayId=0 isRunning=true baseIntent=Intent { flg=0x10000000 cmp=com.example.contactappv1/.MainActivity } baseActivity=ComponentInfo{com.example.contactappv1/com.example.contactappv1.MainActivity} topActivity=ComponentInfo{com.example.contactappv1/com.example.contactappv1.MainActivity} origActivity=null realActivity=ComponentInfo{com.example.contactappv1/com.example.contactappv1.MainActivity} numActivities=1 lastActiveTime=44893281 supportsMultiWindow=true resizeMode=1 isResizeable=true minWidth=-1 minHeight=-1 defaultMinSize=220 token=WCT{android.os.BinderProxy@d0afa57} topActivityType=1 pictureInPictureParams=null shouldDockBigOverlays=false launchIntoPipHostTaskId=-1 lastParentTaskIdBeforePip=-1 displayCutoutSafeInsets=Rect(0, 0 - 0, 0) topActivityInfo=ActivityInfo{205b079 com.example.contactappv1.MainActivity} launchCookies=[] positionInParent=Point(0, 0) parentTaskId=-1 isFocused=true isVisible=true isVisibleRequested=true isTopActivityNoDisplay=false isSleeping=false locusId=null displayAreaFeatureId=1 isTopActivityTransparent=false isActivityStackTransparent=false lastNonFullscreenBounds=null capturedLink=null capturedLinkTimestamp=0 requestedVisibleTypes=503 topActivityRequestOpenInBrowserEducationTimestamp=0 appCompatTaskInfo=AppCompatTaskInfo { topActivityInSizeCompat=false isLeafTask= true eligibleForLetterboxEducation= false isLetterboxEducationEnabled= true isLetterboxDoubleTapEnabled= false eligibleForUserAspectRatioButton= false topActivityBoundsLetterboxed= false isFromLetterboxDoubleTap= false topActivityLetterboxVerticalPosition= -1 topActivityLetterboxHorizontalPosition= -1 topActivityLetterboxWidth=-1 topActivityLetterboxHeight=-1 topActivityAppBounds=Rect(0, 0 - 1080, 2400) isUserFullscreenOverrideEnabled=false isSystemFullscreenOverrideEnabled=false hasMinAspectRatioOverride=false topActivityLetterboxBounds=null cameraCompatTaskInfo=CameraCompatTaskInfo { cameraCompatMode=inactive0} topNonResizableActivityAspectRatio=-1.0} topActivityMainWindowFrame=null isAppBubble=false}, pipChange = null, remoteTransition = null, displayChange = null, requestedLocation = null, userChange = null, windowingLayerChange = null, flags = 16, debugId = 151 }
04-07 22:14:32.956   657   784 I libbinder.BpBinder: onLastStrongRef automatically unlinking death recipients for descriptor: '(not cached)'
04-07 22:14:32.958  1718  1718 D VRI[NexusLauncherActivity]: visibilityChanged oldVisibility=false newVisibility=true
04-07 22:14:32.959   820  2518 V WindowManager: Defer transition id=151 for TaskFragmentTransaction=android.os.Binder@76977f7
04-07 22:14:32.959   820  2518 V WindowManager: deferTransitionReady deferReadyDepth=1 stack=com.android.server.wm.TransitionController.deferTransitionReady:1061 com.android.server.wm.TaskFragmentOrganizerController$TaskFragmentOrganizerState.dispatchTransaction:517 com.android.server.wm.TaskFragmentOrganizerController.dispatchPendingEvents:1259 com.android.server.wm.TaskFragmentOrganizerController.dispatchPendingEvents:1228 com.android.server.wm.RootWindowContainer.performSurfacePlacement:777 
04-07 22:14:32.960   820   858 I ActivityManager: Showing crash dialog for package com.example.contactappv1 u0
04-07 22:14:32.966  1718  1718 D NexusLauncherModelDelegate: notifySmartspaceEvent: SmartspaceTargetEvent{mSmartspaceTarget=null, mSmartspaceActionId='null', mEventType=6}
04-07 22:14:32.990  1451  1711 D WallpaperService: onVisibilityChanged(true): com.android.systemui.wallpapers.ImageWallpaper$CanvasEngine@ea89274
04-07 22:14:32.999   820   858 D WindowOnBackDispatcher: setTopOnBackInvokedCallback (unwrapped): android.app.Dialog$$ExternalSyntheticLambda2@3dd6a5c
04-07 22:14:33.000   820   858 D CoreBackPreview: Window{1cd6956 u0 Application Error: com.example.contactappv1}: Setting back callback OnBackInvokedCallbackInfo{mCallback=android.window.WindowOnBackInvokedDispatcher$OnBackInvokedCallbackWrapper@ad68165, mPriority=-1, mIsAnimationCallback=false, mOverrideBehavior=0}
04-07 22:14:33.009   820 14279 I GFXSTREAM: [eglDisplay.cpp(297)] Opening libGLESv1_CM_emulation.so
04-07 22:14:33.010   820 14279 I GFXSTREAM: [eglDisplay.cpp(297)] Opening libGLESv2_emulation.so
04-07 22:14:33.016   820 14279 W HWUI    : Failed to choose config with EGL_SWAP_BEHAVIOR_PRESERVED, retrying without...
04-07 22:14:33.017   820 14279 W HWUI    : Failed to initialize 101010-2 format, error = EGL_SUCCESS
04-07 22:14:33.096  1718  1718 D b/417220811: invalidateLoadedTasks - previous requestLoadId: -1
04-07 22:14:33.101   820  2331 V WindowManager: Continue transition id=151 for TaskFragmentTransaction=android.os.Binder@76977f7
04-07 22:14:33.101   820  2331 V WindowManager: continueTransitionReady deferReadyDepth=0 stack=com.android.server.wm.TransitionController.continueTransitionReady:1071 com.android.server.wm.TaskFragmentOrganizerController$TaskFragmentOrganizerState.onTransactionFinished:546 com.android.server.wm.TaskFragmentOrganizerController.onTransactionHandled:740 android.window.ITaskFragmentOrganizerController$Stub.onTransact:225 android.os.Binder.execTransactInternal:1473 
04-07 22:14:33.109  1718  1916 E FrameEvents: addRelease: Did not find frame.
04-07 22:14:33.173   820   858 W Looper  : Slow dispatch took 174ms android.ui app=system_server main=false group=TOP_APP h=android.view.Choreographer$FrameHandler c=android.view.Choreographer$FrameDisplayEventReceiver@266e7df m=0
04-07 22:14:33.458   820   860 W ActivityTaskManager: Activity top resumed state loss timeout for ActivityRecord{99689836 u0 com.example.contactappv1/.MainActivity t47 f}}
04-07 22:14:33.458   820   860 W ActivityTaskManager: Activity pause timeout for ActivityRecord{99689836 u0 com.example.contactappv1/.MainActivity t47 f}}
04-07 22:14:33.462  1718  1718 D BaseActivity: Launcher flags updated: [state_started|state_resumed|state_user_active] +[state_resumed|state_user_active]
04-07 22:14:33.465  1718  1718 D BaseActivity: Launcher flags updated: [state_started|state_resumed|state_deferred_resumed|state_user_active] +[state_deferred_resumed]
04-07 22:14:33.465  1718  1718 D StatsLog: LAUNCHER_ONRESUME
04-07 22:14:33.468  1451  1518 D WindowManagerShell: setLauncherKeepClearAreaHeight: visible=true, height=495
04-07 22:14:33.474  1451  1646 V WindowManagerShell: onTransitionReady(transaction=3521873199086)
04-07 22:14:33.475  1718  1761 D QuickstepModelDelegate: notifyAppTargetEvent action=1 launchLocation=workspace/0/[-1,-1]/[1,1]
04-07 22:14:33.475  2185  2550 I AiAiEcho: Predicting[0]:  [CONTEXT sampling_count=5 ]
04-07 22:14:33.475  2185  2550 I AiAiEcho: EchoTargets: 
04-07 22:14:33.475  2185  2550 I AiAiEcho: Filtered by AiAi flag check: 
04-07 22:14:33.475  2185  2550 I AiAiEcho: [CONTEXT ratelimit_period="10 SECONDS" ]
04-07 22:14:33.480  1451  1518 V WindowManagerShell: onTransitionReady (#151) android.os.BinderProxy@7265940: {id=151 t=CLOSE f=0x10 trk=0 r=[0@Point(0, 0)] c=[
04-07 22:14:33.480  1451  1518 V WindowManagerShell:         {m=TO_FRONT f=SHOW_WALLPAPER|MOVE_TO_TOP leash=Surface(name=Task=1#44)/@0xec731be sb=Rect(0, 0 - 1080, 2400) eb=Rect(0, 0 - 1080, 2400) epz=Point(1080, 2400) d=0 taskParent=-1 winMode=1 userId=0},
04-07 22:14:33.480  1451  1518 V WindowManagerShell:         {m=CLOSE f=NONE leash=Surface(name=Task=47#1765)/@0x2ec421f sb=Rect(0, 0 - 1080, 2400) eb=Rect(0, 0 - 1080, 2400) epz=Point(1080, 2400) d=0 taskParent=-1 winMode=1 userId=0},
04-07 22:14:33.480  1451  1518 V WindowManagerShell:         {m=TO_FRONT f=IS_WALLPAPER leash=Surface(name=WallpaperWindowToken{116a605}#61)/@0xdb7c96c sb=Rect(0, 0 - 1080, 2400) eb=Rect(0, 0 - 1080, 2400) epz=Point(1080, 2400) d=0}
04-07 22:14:33.480  1451  1518 V WindowManagerShell:     ]}
04-07 22:14:33.480  1451  1518 V WindowManagerShell: Playing animation for (#151) android.os.BinderProxy@7265940@0
04-07 22:14:33.480  1451  1518 V ShellRecents: RecentsTransitionHandler.startAnimation: no controller found
04-07 22:14:33.481  1451  1518 V WindowManagerShell: Transition doesn't have explicit remote, search filters for match for {id=151 t=CLOSE f=0x10 trk=0 r=[0@Point(0, 0)] c=[{m=TO_FRONT f=SHOW_WALLPAPER|MOVE_TO_TOP leash=Surface(name=Task=1#44)/@0xec731be sb=Rect(0, 0 - 1080, 2400) eb=Rect(0, 0 - 1080, 2400) epz=Point(1080, 2400) d=0 taskParent=-1 winMode=1 userId=0},{m=CLOSE f=NONE leash=Surface(name=Task=47#1765)/@0x2ec421f sb=Rect(0, 0 - 1080, 2400) eb=Rect(0, 0 - 1080, 2400) epz=Point(1080, 2400) d=0 taskParent=-1 winMode=1 userId=0},{m=TO_FRONT f=IS_WALLPAPER leash=Surface(name=WallpaperWindowToken{116a605}#61)/@0xdb7c96c sb=Rect(0, 0 - 1080, 2400) eb=Rect(0, 0 - 1080, 2400) epz=Point(1080, 2400) d=0}]}
04-07 22:14:33.481  1451  1518 V WindowManagerShell:  Checking filter Pair{{types=[] flags=0x0] notFlags=0x0 checks=[{atype=undefined independent=true modes=[CLOSE,TO_BACK] flags=IN_TASK_WITH_EMBEDDED_ACTIVITY mustBeTask=false order=ANY topActivity=null launchCookie=null taskFragmentToken=android.os.BinderProxy@476d5af windowingMode=undefined isCrossDisplayMove=false}]} RemoteTransition { remoteTransition = android.window.IRemoteTransition$Stub$Proxy@e7dbc, appThread = android.app.IApplicationThread$Stub$Proxy@be30145, debugName = overlayBackTransition }}
04-07 22:14:33.481  1451  1518 V WindowManagerShell:  Checking filter Pair{{types=[] flags=0x0] notFlags=0x0 checks=[{atype=dream independent=true modes=[OPEN,TO_FRONT] flags=NONE mustBeTask=false order=ANY topActivity=null launchCookie=null windowingMode=undefined isCrossDisplayMove=false},{atype=home independent=true modes=[CLOSE,TO_BACK] flags=NONE mustBeTask=false order=ANY topActivity=null launchCookie=null windowingMode=undefined isCrossDisplayMove=false}]} RemoteTransition { remoteTransition = android.window.IRemoteTransition$Stub$Proxy@a68c09a, appThread = android.app.IApplicationThread$Stub$Proxy@a651dcb, debugName = LauncherToDream }}
04-07 22:14:33.481  1451  1518 V WindowManagerShell:  Checking filter Pair{{types=[] flags=0x0] notFlags=0x100 checks=[{atype=home independent=true modes=[OPEN,TO_FRONT] flags=NONE mustBeTask=false order=TOP topActivity=ComponentInfo{com.google.android.apps.nexuslauncher/com.google.android.apps.nexuslauncher.NexusLauncherActivity} launchCookie=null windowingMode=undefined isCrossDisplayMove=false},{atype=standard independent=true modes=[CLOSE,TO_BACK] flags=NONE mustBeTask=false order=ANY topActivity=null launchCookie=null windowingMode=undefined isCrossDisplayMove=false},{NOT atype=undefined independent=true modes=[] flags=NONE mustBeTask=true order=ANY topActivity=null launchCookie=null customAnim=true windowingMode=undefined isCrossDisplayMove=false}]} RemoteTransition { remoteTransition = android.window.IRemoteTransition$Stub$Proxy@223b9a8, appThread = android.app.IApplicationThread$Stub$Proxy@bb76cc1, debugName = QuickstepLaunchHome }}
04-07 22:14:33.481  1451  1518 D RemoteTransitionHandler: Found filterPair{{types=[] flags=0x0] notFlags=0x100 checks=[{atype=home independent=true modes=[OPEN,TO_FRONT] flags=NONE mustBeTask=false order=TOP topActivity=ComponentInfo{com.google.android.apps.nexuslauncher/com.google.android.apps.nexuslauncher.NexusLauncherActivity} launchCookie=null windowingMode=undefined isCrossDisplayMove=false},{atype=standard independent=true modes=[CLOSE,TO_BACK] flags=NONE mustBeTask=false order=ANY topActivity=null launchCookie=null windowingMode=undefined isCrossDisplayMove=false},{NOT atype=undefined independent=true modes=[] flags=NONE mustBeTask=true order=ANY topActivity=null launchCookie=null customAnim=true windowingMode=undefined isCrossDisplayMove=false}]} RemoteTransition { remoteTransition = android.window.IRemoteTransition$Stub$Proxy@223b9a8, appThread = android.app.IApplicationThread$Stub$Proxy@bb76cc1, debugName = QuickstepLaunchHome }}
04-07 22:14:33.481  1451  1518 V WindowManagerShell:  Delegate animation for (#151) to RemoteTransition { remoteTransition = android.window.IRemoteTransition$Stub$Proxy@223b9a8, appThread = android.app.IApplicationThread$Stub$Proxy@bb76cc1, debugName = QuickstepLaunchHome }
04-07 22:14:33.483  2185  2550 I AiAiEcho: #remoteViewsTwiddler: feature disabled.
04-07 22:14:33.485  1718  1718 D LauncherStateManager: StateManager.createAtomicAnimation: fromState: Normal, toState: Normal, partial trace:
04-07 22:14:33.485  1718  1718 D LauncherStateManager: 	at com.android.quickstep.util.ScalingWorkspaceRevealAnim.<init>(go/retraceme 7101499b44b219b757f6885b35ae099b24fc769225595efcaaacae5b0f94500b:54)
04-07 22:14:33.485  1718  1718 D LauncherStateManager: 	at com.android.launcher3.QuickstepTransitionManager.createWallpaperOpenAnimations(go/retraceme 7101499b44b219b757f6885b35ae099b24fc769225595efcaaacae5b0f94500b:537)
04-07 22:14:33.485  1718  1718 D LauncherStateManager: 	at com.android.launcher3.QuickstepTransitionManager$WallpaperOpenLauncherAnimationRunner.onAnimationStart(go/retraceme 7101499b44b219b757f6885b35ae099b24fc769225595efcaaacae5b0f94500b:96)
04-07 22:14:33.486  1718  1718 D AllAppsTransitionController: shouldProtectHeader: false skipScrim: true state: Normal stateManager.getState(): Normal
04-07 22:14:33.486  1718  1718 D KeyboardInsetsHandler: removePendingImeController: pendingImeController=null
04-07 22:14:33.486  1718  1718 V BaseDepthController: Applying blur: 0 to Surface(name=com.google.android.apps.nexuslauncher/com.google.android.apps.nexuslauncher.NexusLauncherActivity#1662)/@0xa2c5f7c applyImmediately: false
04-07 22:14:33.486  1718  1718 D BaseDepthController: shouldBlurWorkspace: false targetState: Normal currentStableState: Normal mCurrentBlur: 0 mLauncher.getDepthBlurTargets(): [com.android.launcher3.Workspace{3dd7745 V.ED..... ......ID 0,0-1080,2400 #7f0a049d app:id/workspace}, com.android.launcher3.Hotseat{400fe9a V.ED..... ........ 0,1905-1080,2400 #7f0a01ee app:id/hotseat}]
04-07 22:14:33.486  1718  1718 V BaseDepthController: Applying blur: 0 to Surface(name=com.google.android.apps.nexuslauncher/com.google.android.apps.nexuslauncher.NexusLauncherActivity#1662)/@0xa2c5f7c applyImmediately: false
04-07 22:14:33.486  1718  1718 D BaseDepthController: shouldBlurWorkspace: false targetState: Normal currentStableState: Normal mCurrentBlur: 0 mLauncher.getDepthBlurTargets(): [com.android.launcher3.Workspace{3dd7745 V.ED..... ......ID 0,0-1080,2400 #7f0a049d app:id/workspace}, com.android.launcher3.Hotseat{400fe9a V.ED..... ........ 0,1905-1080,2400 #7f0a01ee app:id/hotseat}]
04-07 22:14:33.486  1718  1718 D LauncherStateManager: StateManager.cancelAnimation: animation ongoing: false, partial trace:
04-07 22:14:33.486  1718  1718 D LauncherStateManager: 	at com.android.launcher3.statemanager.StateManager.setCurrentAnimation(go/retraceme 7101499b44b219b757f6885b35ae099b24fc769225595efcaaacae5b0f94500b:18)
04-07 22:14:33.486  1718  1718 D LauncherStateManager: 	at com.android.launcher3.QuickstepTransitionManager.createWallpaperOpenAnimations(go/retraceme 7101499b44b219b757f6885b35ae099b24fc769225595efcaaacae5b0f94500b:646)
04-07 22:14:33.486  1718  1718 D LauncherStateManager: 	at com.android.launcher3.QuickstepTransitionManager$WallpaperOpenLauncherAnimationRunner.onAnimationStart(go/retraceme 7101499b44b219b757f6885b35ae099b24fc769225595efcaaacae5b0f94500b:96)
04-07 22:14:33.486  1718  1718 D b/311077782: LauncherAnimationRunner.setAnimation
04-07 22:14:33.487  1718  1718 V BaseDepthController: Applying blur: 0 to Surface(name=com.google.android.apps.nexuslauncher/com.google.android.apps.nexuslauncher.NexusLauncherActivity#1662)/@0xa2c5f7c applyImmediately: false
04-07 22:14:33.488  1718  1718 D BaseDepthController: shouldBlurWorkspace: false targetState: Normal currentStableState: Normal mCurrentBlur: 0 mLauncher.getDepthBlurTargets(): [com.android.launcher3.Workspace{3dd7745 V.ED..... ......ID 0,0-1080,2400 #7f0a049d app:id/workspace}, com.android.launcher3.Hotseat{400fe9a V.ED..... ......ID 0,1905-1080,2400 #7f0a01ee app:id/hotseat}]
04-07 22:14:33.488  1718  1718 V BaseDepthController: Applying blur: 0 to Surface(name=com.google.android.apps.nexuslauncher/com.google.android.apps.nexuslauncher.NexusLauncherActivity#1662)/@0xa2c5f7c applyImmediately: false
04-07 22:14:33.488  1718  1718 D BaseDepthController: shouldBlurWorkspace: false targetState: Normal currentStableState: Normal mCurrentBlur: 0 mLauncher.getDepthBlurTargets(): [com.android.launcher3.Workspace{3dd7745 V.ED..... ......ID 0,0-1080,2400 #7f0a049d app:id/workspace}, com.android.launcher3.Hotseat{400fe9a V.ED..... ......ID 0,1905-1080,2400 #7f0a01ee app:id/hotseat}]
04-07 22:14:33.489  1718  1718 V BaseDepthController: Applying blur: 0 to Surface(name=com.google.android.apps.nexuslauncher/com.google.android.apps.nexuslauncher.NexusLauncherActivity#1662)/@0xa2c5f7c applyImmediately: false
04-07 22:14:33.489  1718  1718 D BaseDepthController: shouldBlurWorkspace: false targetState: Normal currentStableState: Normal mCurrentBlur: 0 mLauncher.getDepthBlurTargets(): [com.android.launcher3.Workspace{3dd7745 V.ED..... ......ID 0,0-1080,2400 #7f0a049d app:id/workspace}, com.android.launcher3.Hotseat{400fe9a V.ED..... ......ID 0,1905-1080,2400 #7f0a01ee app:id/hotseat}]
04-07 22:14:33.490  1718  1718 V BaseDepthController: Applying blur: 0 to Surface(name=com.google.android.apps.nexuslauncher/com.google.android.apps.nexuslauncher.NexusLauncherActivity#1662)/@0xa2c5f7c applyImmediately: false
04-07 22:14:33.490  1718  1718 D BaseDepthController: shouldBlurWorkspace: false targetState: Normal currentStableState: Normal mCurrentBlur: 0 mLauncher.getDepthBlurTargets(): [com.android.launcher3.Workspace{3dd7745 V.ED..... ......ID 0,0-1080,2400 #7f0a049d app:id/workspace}, com.android.launcher3.Hotseat{400fe9a V.ED..... ......ID 0,1905-1080,2400 #7f0a01ee app:id/hotseat}]
04-07 22:14:33.490  2185  2550 I AiAiEcho: #postPredictionTargets: Sending updates to UISurface home with targets# 0 (types=[])
04-07 22:14:33.491  1718  1718 V BaseDepthController: Applying blur: 0 to Surface(name=com.google.android.apps.nexuslauncher/com.google.android.apps.nexuslauncher.NexusLauncherActivity#1662)/@0xa2c5f7c applyImmediately: false
04-07 22:14:33.492  1718  1718 D BaseDepthController: shouldBlurWorkspace: false targetState: Normal currentStableState: Normal mCurrentBlur: 0 mLauncher.getDepthBlurTargets(): [com.android.launcher3.Workspace{3dd7745 V.ED..... ......ID 0,0-1080,2400 #7f0a049d app:id/workspace}, com.android.launcher3.Hotseat{400fe9a V.ED..... ......ID 0,1905-1080,2400 #7f0a01ee app:id/hotseat}]
04-07 22:14:33.501  1718  1718 V BaseDepthController: Applying blur: 0 to Surface(name=com.google.android.apps.nexuslauncher/com.google.android.apps.nexuslauncher.NexusLauncherActivity#1662)/@0xa2c5f7c applyImmediately: false
