04-07 22:14:33.501  1718  1718 D BaseDepthController: shouldBlurWorkspace: false targetState: Normal currentStableState: Normal mCurrentBlur: 0 mLauncher.getDepthBlurTargets(): [com.android.launcher3.Workspace{3dd7745 V.ED..... ......ID 0,0-1080,2400 #7f0a049d app:id/workspace}, com.android.launcher3.Hotseat{400fe9a V.ED..... ......ID 0,1905-1080,2400 #7f0a01ee app:id/hotseat}]
04-07 22:14:33.506   820   857 V WindowManager: Sent Transition (#151) createdAt=04-07 22:14:32.954 via request=TransitionRequestInfo { type = CLOSE, triggerTask = TaskInfo{userId=0 taskId=47 effectiveUid=10227 displayId=0 isRunning=true baseIntent=Intent { flg=0x10000000 cmp=com.example.contactappv1/.MainActivity } baseActivity=ComponentInfo{com.example.contactappv1/com.example.contactappv1.MainActivity} topActivity=ComponentInfo{com.example.contactappv1/com.example.contactappv1.MainActivity} origActivity=null realActivity=ComponentInfo{com.example.contactappv1/com.example.contactappv1.MainActivity} numActivities=1 lastActiveTime=44893281 supportsMultiWindow=true resizeMode=1 isResizeable=true minWidth=-1 minHeight=-1 defaultMinSize=220 token=WCT{RemoteToken{2e3826e Task{e9c0735 #47 type=standard A=10227:com.example.contactappv1}}} topActivityType=1 pictureInPictureParams=null shouldDockBigOverlays=false launchIntoPipHostTaskId=-1 lastParentTaskIdBeforePip=-1 displayCutoutSafeInsets=Rect(0, 0 - 0, 0) topActivityInfo=ActivityInfo{bb03d0f com.example.contactappv1.MainActivity} launchCookies=[] positionInParent=Point(0, 0) parentTaskId=-1 isFocused=true isVisible=true isVisibleRequested=true isTopActivityNoDisplay=false isSleeping=false locusId=null displayAreaFeatureId=1 isTopActivityTransparent=false isActivityStackTransparent=false lastNonFullscreenBounds=null capturedLink=null capturedLinkTimestamp=0 requestedVisibleTypes=503 topActivityRequestOpenInBrowserEducationTimestamp=0 appCompatTaskInfo=AppCompatTaskInfo { topActivityInSizeCompat=false isLeafTask= true eligibleForLetterboxEducation= false isLetterboxEducationEnabled= true isLetterboxDoubleTapEnabled= false eligibleForUserAspectRatioButton= false topActivityBoundsLetterboxed= false isFromLetterboxDoubleTap= false topActivityLetterboxVerticalPosition= -1 topActivityLetterboxHorizontalPosition= -1 topActivityLetterboxWidth=-1 topActivityLetterboxHeight=-1 topActivityAppBounds=Rect(0, 0 - 1080, 2400) isUserFullscreenOverrideEnabled=false isSystemFullscreenOverrideEnabled=false hasMinAspectRatioOverride=false topActivityLetterboxBounds=null cameraCompatTaskInfo=CameraCompatTaskInfo { cameraCompatMode=inactive0} topNonResizableActivityAspectRatio=-1.0} topActivityMainWindowFrame=null isAppBubble=false}, pipChange = null, remoteTransition = null, displayChange = null, requestedLocation = null, userChange = null, windowingLayerChange = null, flags = 16, debugId = 151 }
04-07 22:14:33.506   820   857 V WindowManager:     startWCT=WindowContainerTransaction { changes= {} hops= [] errorCallbackToken=null taskFragmentOrganizer=null }
04-07 22:14:33.506   820   857 V WindowManager:     info={id=151 t=CLOSE f=0x10 trk=0 r=[0@Point(0, 0)] c=[
04-07 22:14:33.506   820   857 V WindowManager:         {WCT{RemoteToken{d4b464e Task{237f96a #1 type=home}}} m=TO_FRONT f=SHOW_WALLPAPER|MOVE_TO_TOP leash=Surface(name=Task=1#44)/@0x3e92f3c sb=Rect(0, 0 - 1080, 2400) eb=Rect(0, 0 - 1080, 2400) epz=Point(1080, 2400) d=0 taskParent=-1 winMode=1 userId=0},
04-07 22:14:33.506   820   857 V WindowManager:         {WCT{RemoteToken{2e3826e Task{e9c0735 #47 type=standard A=10227:com.example.contactappv1}}} m=CLOSE f=NONE leash=Surface(name=Task=47#1765)/@0x6752622 sb=Rect(0, 0 - 1080, 2400) eb=Rect(0, 0 - 1080, 2400) epz=Point(1080, 2400) d=0 taskParent=-1 winMode=1 userId=0},
04-07 22:14:33.506   820   857 V WindowManager:         {m=TO_FRONT f=IS_WALLPAPER leash=Surface(name=WallpaperWindowToken{116a605}#61)/@0x2a88f0e sb=Rect(0, 0 - 1080, 2400) eb=Rect(0, 0 - 1080, 2400) epz=Point(1080, 2400) d=0}
04-07 22:14:33.506   820   857 V WindowManager:     ]}
04-07 22:14:33.507  1451  1518 V WindowManagerShell:  animated by com.android.wm.shell.transition.RemoteTransitionHandler@dff1b29
04-07 22:14:33.510   820  1400 D BackgroundInstallControlService: Package event received: 0
04-07 22:14:33.511  1451  1518 D Bubbles : onLocusVisibilityChanged=Overview|DISABLED visible=true taskId=1
04-07 22:14:33.517   820  1400 D BackgroundInstallControlService: Package event received: 0
04-07 22:14:33.517  1718  1718 V BaseDepthController: Applying blur: 0 to Surface(name=com.google.android.apps.nexuslauncher/com.google.android.apps.nexuslauncher.NexusLauncherActivity#1662)/@0xa2c5f7c applyImmediately: false
04-07 22:14:33.517  1718  1718 D BaseDepthController: shouldBlurWorkspace: false targetState: Normal currentStableState: Normal mCurrentBlur: 0 mLauncher.getDepthBlurTargets(): [com.android.launcher3.Workspace{3dd7745 V.ED..... ........ 0,0-1080,2400 #7f0a049d app:id/workspace}, com.android.launcher3.Hotseat{400fe9a V.ED..... .......D 0,1905-1080,2400 #7f0a01ee app:id/hotseat}]
04-07 22:14:33.521   820  1400 D BackgroundInstallControlService: Package event received: 0
04-07 22:14:33.536  1718  1718 V BaseDepthController: Applying blur: 0 to Surface(name=com.google.android.apps.nexuslauncher/com.google.android.apps.nexuslauncher.NexusLauncherActivity#1662)/@0xa2c5f7c applyImmediately: false
04-07 22:14:33.536  1718  1718 D BaseDepthController: shouldBlurWorkspace: false targetState: Normal currentStableState: Normal mCurrentBlur: 0 mLauncher.getDepthBlurTargets(): [com.android.launcher3.Workspace{3dd7745 V.ED..... ......I. 0,0-1080,2400 #7f0a049d app:id/workspace}, com.android.launcher3.Hotseat{400fe9a V.ED..... ........ 0,1905-1080,2400 #7f0a01ee app:id/hotseat}]
04-07 22:14:33.537  1718  1718 D SsBaseTemplateCard: Passed-in item info is null
04-07 22:14:33.537  1718  1718 D SsBaseTemplateCard: Passed-in item info is null
04-07 22:14:33.537  1718  1718 D SsBaseTemplateCard: Passed-in item info is null
04-07 22:14:33.537  1718  1718 D SsBaseTemplateCard: Passed-in item info is null
04-07 22:14:33.537  1718  1718 I SsBaseTemplateCard: Secondary card pane is null
04-07 22:14:33.551   607   607 I RanchuHwc: logCompositionFallbackIfChanged: layer 382 CompositionType fallback from 2 to 1
04-07 22:14:33.551   607   607 I RanchuHwc: logCompositionFallbackIfChanged: layer 383 CompositionType fallback from 3 to 1
04-07 22:14:33.551   607   607 I RanchuHwc: logCompositionFallbackIfChanged: layer 384 CompositionType fallback from 2 to 1
04-07 22:14:33.551   607   607 I RanchuHwc: logCompositionFallbackIfChanged: layer 385 CompositionType fallback from 2 to 1
04-07 22:14:33.563  1718  1718 D b/417220811: invalidateLoadedTasks - previous requestLoadId: -1
04-07 22:14:33.566  1718  1718 V BaseDepthController: Applying blur: 0 to Surface(name=com.google.android.apps.nexuslauncher/com.google.android.apps.nexuslauncher.NexusLauncherActivity#1662)/@0xa2c5f7c applyImmediately: false
04-07 22:14:33.566  1718  1718 D BaseDepthController: shouldBlurWorkspace: false targetState: Normal currentStableState: Normal mCurrentBlur: 0 mLauncher.getDepthBlurTargets(): [com.android.launcher3.Workspace{3dd7745 V.ED..... ........ 0,0-1080,2400 #7f0a049d app:id/workspace}, com.android.launcher3.Hotseat{400fe9a V.ED..... ........ 0,1905-1080,2400 #7f0a01ee app:id/hotseat}]
04-07 22:14:33.583  1718  1718 V BaseDepthController: Applying blur: 0 to Surface(name=com.google.android.apps.nexuslauncher/com.google.android.apps.nexuslauncher.NexusLauncherActivity#1662)/@0xa2c5f7c applyImmediately: false
04-07 22:14:33.583  1718  1718 D BaseDepthController: shouldBlurWorkspace: false targetState: Normal currentStableState: Normal mCurrentBlur: 0 mLauncher.getDepthBlurTargets(): [com.android.launcher3.Workspace{3dd7745 V.ED..... ........ 0,0-1080,2400 #7f0a049d app:id/workspace}, com.android.launcher3.Hotseat{400fe9a V.ED..... ........ 0,1905-1080,2400 #7f0a01ee app:id/hotseat}]
04-07 22:14:33.600  1718  1718 V BaseDepthController: Applying blur: 0 to Surface(name=com.google.android.apps.nexuslauncher/com.google.android.apps.nexuslauncher.NexusLauncherActivity#1662)/@0xa2c5f7c applyImmediately: false
04-07 22:14:33.600  1718  1718 D BaseDepthController: shouldBlurWorkspace: false targetState: Normal currentStableState: Normal mCurrentBlur: 0 mLauncher.getDepthBlurTargets(): [com.android.launcher3.Workspace{3dd7745 V.ED..... ........ 0,0-1080,2400 #7f0a049d app:id/workspace}, com.android.launcher3.Hotseat{400fe9a V.ED..... ........ 0,1905-1080,2400 #7f0a01ee app:id/hotseat}]
04-07 22:14:33.615  1718  1718 V BaseDepthController: Applying blur: 0 to Surface(name=com.google.android.apps.nexuslauncher/com.google.android.apps.nexuslauncher.NexusLauncherActivity#1662)/@0xa2c5f7c applyImmediately: false
04-07 22:14:33.615  1718  1718 D BaseDepthController: shouldBlurWorkspace: false targetState: Normal currentStableState: Normal mCurrentBlur: 0 mLauncher.getDepthBlurTargets(): [com.android.launcher3.Workspace{3dd7745 V.ED..... ........ 0,0-1080,2400 #7f0a049d app:id/workspace}, com.android.launcher3.Hotseat{400fe9a V.ED..... ........ 0,1905-1080,2400 #7f0a01ee app:id/hotseat}]
04-07 22:14:33.633  1718  1718 V BaseDepthController: Applying blur: 0 to Surface(name=com.google.android.apps.nexuslauncher/com.google.android.apps.nexuslauncher.NexusLauncherActivity#1662)/@0xa2c5f7c applyImmediately: false
04-07 22:14:33.633  1718  1718 D BaseDepthController: shouldBlurWorkspace: false targetState: Normal currentStableState: Normal mCurrentBlur: 0 mLauncher.getDepthBlurTargets(): [com.android.launcher3.Workspace{3dd7745 V.ED..... ........ 0,0-1080,2400 #7f0a049d app:id/workspace}, com.android.launcher3.Hotseat{400fe9a V.ED..... ........ 0,1905-1080,2400 #7f0a01ee app:id/hotseat}]
04-07 22:14:33.646  1718  1727 W System  : A resource failed to call release. 
04-07 22:14:33.647  1718  1727 W System  : A resource failed to call release. 
04-07 22:14:33.647  1718  1727 W System  : A resource failed to call release. 
04-07 22:14:33.647  1718  1727 W System  : A resource failed to call release. 
04-07 22:14:33.647  1718  1727 W System  : A resource failed to call release. 
04-07 22:14:33.647  1718  1727 W System  : A resource failed to call release. 
04-07 22:14:33.650  1718  1718 V BaseDepthController: Applying blur: 0 to Surface(name=com.google.android.apps.nexuslauncher/com.google.android.apps.nexuslauncher.NexusLauncherActivity#1662)/@0xa2c5f7c applyImmediately: false
04-07 22:14:33.650  1718  1718 D BaseDepthController: shouldBlurWorkspace: false targetState: Normal currentStableState: Normal mCurrentBlur: 0 mLauncher.getDepthBlurTargets(): [com.android.launcher3.Workspace{3dd7745 V.ED..... ........ 0,0-1080,2400 #7f0a049d app:id/workspace}, com.android.launcher3.Hotseat{400fe9a V.ED..... ........ 0,1905-1080,2400 #7f0a01ee app:id/hotseat}]
04-07 22:14:33.665  1718  1718 V BaseDepthController: Applying blur: 0 to Surface(name=com.google.android.apps.nexuslauncher/com.google.android.apps.nexuslauncher.NexusLauncherActivity#1662)/@0xa2c5f7c applyImmediately: false
04-07 22:14:33.666  1718  1718 D BaseDepthController: shouldBlurWorkspace: false targetState: Normal currentStableState: Normal mCurrentBlur: 0 mLauncher.getDepthBlurTargets(): [com.android.launcher3.Workspace{3dd7745 V.ED..... ........ 0,0-1080,2400 #7f0a049d app:id/workspace}, com.android.launcher3.Hotseat{400fe9a V.ED..... ........ 0,1905-1080,2400 #7f0a01ee app:id/hotseat}]
04-07 22:14:33.683  1718  1718 V BaseDepthController: Applying blur: 0 to Surface(name=com.google.android.apps.nexuslauncher/com.google.android.apps.nexuslauncher.NexusLauncherActivity#1662)/@0xa2c5f7c applyImmediately: false
04-07 22:14:33.683  1718  1718 D BaseDepthController: shouldBlurWorkspace: false targetState: Normal currentStableState: Normal mCurrentBlur: 0 mLauncher.getDepthBlurTargets(): [com.android.launcher3.Workspace{3dd7745 V.ED..... ........ 0,0-1080,2400 #7f0a049d app:id/workspace}, com.android.launcher3.Hotseat{400fe9a V.ED..... ........ 0,1905-1080,2400 #7f0a01ee app:id/hotseat}]
04-07 22:14:33.700  1718  1718 V BaseDepthController: Applying blur: 0 to Surface(name=com.google.android.apps.nexuslauncher/com.google.android.apps.nexuslauncher.NexusLauncherActivity#1662)/@0xa2c5f7c applyImmediately: false
04-07 22:14:33.700  1718  1718 D BaseDepthController: setEarlyWakeup: true
04-07 22:14:33.700  1718  1718 D BaseDepthController: shouldBlurWorkspace: false targetState: Normal currentStableState: Normal mCurrentBlur: 0 mLauncher.getDepthBlurTargets(): [com.android.launcher3.Workspace{3dd7745 V.ED..... ........ 0,0-1080,2400 #7f0a049d app:id/workspace}, com.android.launcher3.Hotseat{400fe9a V.ED..... ........ 0,1905-1080,2400 #7f0a01ee app:id/hotseat}]
04-07 22:14:33.716  1718  1718 V BaseDepthController: Applying blur: 0 to Surface(name=com.google.android.apps.nexuslauncher/com.google.android.apps.nexuslauncher.NexusLauncherActivity#1662)/@0xa2c5f7c applyImmediately: false
04-07 22:14:33.716  1718  1718 D BaseDepthController: shouldBlurWorkspace: false targetState: Normal currentStableState: Normal mCurrentBlur: 0 mLauncher.getDepthBlurTargets(): [com.android.launcher3.Workspace{3dd7745 V.ED..... ........ 0,0-1080,2400 #7f0a049d app:id/workspace}, com.android.launcher3.Hotseat{400fe9a V.ED..... ........ 0,1905-1080,2400 #7f0a01ee app:id/hotseat}]
04-07 22:14:33.733  1718  1718 V BaseDepthController: Applying blur: 0 to Surface(name=com.google.android.apps.nexuslauncher/com.google.android.apps.nexuslauncher.NexusLauncherActivity#1662)/@0xa2c5f7c applyImmediately: false
04-07 22:14:33.733  1718  1718 D BaseDepthController: shouldBlurWorkspace: false targetState: Normal currentStableState: Normal mCurrentBlur: 0 mLauncher.getDepthBlurTargets(): [com.android.launcher3.Workspace{3dd7745 V.ED..... ........ 0,0-1080,2400 #7f0a049d app:id/workspace}, com.android.launcher3.Hotseat{400fe9a V.ED..... ........ 0,1905-1080,2400 #7f0a01ee app:id/hotseat}]
04-07 22:14:33.748  1718  1718 V BaseDepthController: Applying blur: 0 to Surface(name=com.google.android.apps.nexuslauncher/com.google.android.apps.nexuslauncher.NexusLauncherActivity#1662)/@0xa2c5f7c applyImmediately: false
04-07 22:14:33.749  1718  1718 D BaseDepthController: shouldBlurWorkspace: false targetState: Normal currentStableState: Normal mCurrentBlur: 0 mLauncher.getDepthBlurTargets(): [com.android.launcher3.Workspace{3dd7745 V.ED..... ........ 0,0-1080,2400 #7f0a049d app:id/workspace}, com.android.launcher3.Hotseat{400fe9a V.ED..... ........ 0,1905-1080,2400 #7f0a01ee app:id/hotseat}]
04-07 22:14:33.765  1718  1718 V BaseDepthController: Applying blur: 0 to Surface(name=com.google.android.apps.nexuslauncher/com.google.android.apps.nexuslauncher.NexusLauncherActivity#1662)/@0xa2c5f7c applyImmediately: false
04-07 22:14:33.766  1718  1718 D BaseDepthController: shouldBlurWorkspace: false targetState: Normal currentStableState: Normal mCurrentBlur: 0 mLauncher.getDepthBlurTargets(): [com.android.launcher3.Workspace{3dd7745 V.ED..... ........ 0,0-1080,2400 #7f0a049d app:id/workspace}, com.android.launcher3.Hotseat{400fe9a V.ED..... ........ 0,1905-1080,2400 #7f0a01ee app:id/hotseat}]
04-07 22:14:33.784  1718  1718 V BaseDepthController: Applying blur: 0 to Surface(name=com.google.android.apps.nexuslauncher/com.google.android.apps.nexuslauncher.NexusLauncherActivity#1662)/@0xa2c5f7c applyImmediately: false
04-07 22:14:33.784  1718  1718 D BaseDepthController: shouldBlurWorkspace: false targetState: Normal currentStableState: Normal mCurrentBlur: 0 mLauncher.getDepthBlurTargets(): [com.android.launcher3.Workspace{3dd7745 V.ED..... ........ 0,0-1080,2400 #7f0a049d app:id/workspace}, com.android.launcher3.Hotseat{400fe9a V.ED..... ........ 0,1905-1080,2400 #7f0a01ee app:id/hotseat}]
04-07 22:14:33.799  1718  1718 V BaseDepthController: Applying blur: 0 to Surface(name=com.google.android.apps.nexuslauncher/com.google.android.apps.nexuslauncher.NexusLauncherActivity#1662)/@0xa2c5f7c applyImmediately: false
04-07 22:14:33.799  1718  1718 D BaseDepthController: shouldBlurWorkspace: false targetState: Normal currentStableState: Normal mCurrentBlur: 0 mLauncher.getDepthBlurTargets(): [com.android.launcher3.Workspace{3dd7745 V.ED..... ........ 0,0-1080,2400 #7f0a049d app:id/workspace}, com.android.launcher3.Hotseat{400fe9a V.ED..... ........ 0,1905-1080,2400 #7f0a01ee app:id/hotseat}]
04-07 22:14:33.815  1718  1718 V BaseDepthController: Applying blur: 0 to Surface(name=com.google.android.apps.nexuslauncher/com.google.android.apps.nexuslauncher.NexusLauncherActivity#1662)/@0xa2c5f7c applyImmediately: false
04-07 22:14:33.815  1718  1718 D BaseDepthController: shouldBlurWorkspace: false targetState: Normal currentStableState: Normal mCurrentBlur: 0 mLauncher.getDepthBlurTargets(): [com.android.launcher3.Workspace{3dd7745 V.ED..... ........ 0,0-1080,2400 #7f0a049d app:id/workspace}, com.android.launcher3.Hotseat{400fe9a V.ED..... ........ 0,1905-1080,2400 #7f0a01ee app:id/hotseat}]
04-07 22:14:33.834  1718  1718 V BaseDepthController: Applying blur: 0 to Surface(name=com.google.android.apps.nexuslauncher/com.google.android.apps.nexuslauncher.NexusLauncherActivity#1662)/@0xa2c5f7c applyImmediately: false
04-07 22:14:33.834  1718  1718 D BaseDepthController: shouldBlurWorkspace: false targetState: Normal currentStableState: Normal mCurrentBlur: 0 mLauncher.getDepthBlurTargets(): [com.android.launcher3.Workspace{3dd7745 V.ED..... ........ 0,0-1080,2400 #7f0a049d app:id/workspace}, com.android.launcher3.Hotseat{400fe9a V.ED..... ........ 0,1905-1080,2400 #7f0a01ee app:id/hotseat}]
04-07 22:14:33.850  1718  1718 V BaseDepthController: Applying blur: 0 to Surface(name=com.google.android.apps.nexuslauncher/com.google.android.apps.nexuslauncher.NexusLauncherActivity#1662)/@0xa2c5f7c applyImmediately: false
04-07 22:14:33.850  1718  1718 D BaseDepthController: shouldBlurWorkspace: false targetState: Normal currentStableState: Normal mCurrentBlur: 0 mLauncher.getDepthBlurTargets(): [com.android.launcher3.Workspace{3dd7745 V.ED..... ........ 0,0-1080,2400 #7f0a049d app:id/workspace}, com.android.launcher3.Hotseat{400fe9a V.ED..... ........ 0,1905-1080,2400 #7f0a01ee app:id/hotseat}]
04-07 22:14:33.866  1718  1718 V BaseDepthController: Applying blur: 0 to Surface(name=com.google.android.apps.nexuslauncher/com.google.android.apps.nexuslauncher.NexusLauncherActivity#1662)/@0xa2c5f7c applyImmediately: false
04-07 22:14:33.867  1718  1718 D BaseDepthController: shouldBlurWorkspace: false targetState: Normal currentStableState: Normal mCurrentBlur: 0 mLauncher.getDepthBlurTargets(): [com.android.launcher3.Workspace{3dd7745 V.ED..... ........ 0,0-1080,2400 #7f0a049d app:id/workspace}, com.android.launcher3.Hotseat{400fe9a V.ED..... ........ 0,1905-1080,2400 #7f0a01ee app:id/hotseat}]
04-07 22:14:33.882  1718  1718 V BaseDepthController: Applying blur: 0 to Surface(name=com.google.android.apps.nexuslauncher/com.google.android.apps.nexuslauncher.NexusLauncherActivity#1662)/@0xa2c5f7c applyImmediately: false
04-07 22:14:33.883  1718  1718 D BaseDepthController: shouldBlurWorkspace: false targetState: Normal currentStableState: Normal mCurrentBlur: 0 mLauncher.getDepthBlurTargets(): [com.android.launcher3.Workspace{3dd7745 V.ED..... ........ 0,0-1080,2400 #7f0a049d app:id/workspace}, com.android.launcher3.Hotseat{400fe9a V.ED..... ........ 0,1905-1080,2400 #7f0a01ee app:id/hotseat}]
04-07 22:14:33.899  1718  1718 V BaseDepthController: Applying blur: 0 to Surface(name=com.google.android.apps.nexuslauncher/com.google.android.apps.nexuslauncher.NexusLauncherActivity#1662)/@0xa2c5f7c applyImmediately: false
04-07 22:14:33.899  1718  1718 D BaseDepthController: shouldBlurWorkspace: false targetState: Normal currentStableState: Normal mCurrentBlur: 0 mLauncher.getDepthBlurTargets(): [com.android.launcher3.Workspace{3dd7745 V.ED..... ........ 0,0-1080,2400 #7f0a049d app:id/workspace}, com.android.launcher3.Hotseat{400fe9a V.ED..... ........ 0,1905-1080,2400 #7f0a01ee app:id/hotseat}]
04-07 22:14:33.916  1718  1718 V BaseDepthController: Applying blur: 0 to Surface(name=com.google.android.apps.nexuslauncher/com.google.android.apps.nexuslauncher.NexusLauncherActivity#1662)/@0xa2c5f7c applyImmediately: false
04-07 22:14:33.916  1718  1718 D BaseDepthController: shouldBlurWorkspace: false targetState: Normal currentStableState: Normal mCurrentBlur: 0 mLauncher.getDepthBlurTargets(): [com.android.launcher3.Workspace{3dd7745 V.ED..... ........ 0,0-1080,2400 #7f0a049d app:id/workspace}, com.android.launcher3.Hotseat{400fe9a V.ED..... ........ 0,1905-1080,2400 #7f0a01ee app:id/hotseat}]
04-07 22:14:33.932  1718  1718 V BaseDepthController: Applying blur: 0 to Surface(name=com.google.android.apps.nexuslauncher/com.google.android.apps.nexuslauncher.NexusLauncherActivity#1662)/@0xa2c5f7c applyImmediately: false
04-07 22:14:33.932  1718  1718 D BaseDepthController: shouldBlurWorkspace: false targetState: Normal currentStableState: Normal mCurrentBlur: 0 mLauncher.getDepthBlurTargets(): [com.android.launcher3.Workspace{3dd7745 V.ED..... ........ 0,0-1080,2400 #7f0a049d app:id/workspace}, com.android.launcher3.Hotseat{400fe9a V.ED..... ........ 0,1905-1080,2400 #7f0a01ee app:id/hotseat}]
04-07 22:14:33.949  1718  1718 V BaseDepthController: Applying blur: 0 to Surface(name=com.google.android.apps.nexuslauncher/com.google.android.apps.nexuslauncher.NexusLauncherActivity#1662)/@0xa2c5f7c applyImmediately: false
04-07 22:14:33.949  1718  1718 D BaseDepthController: shouldBlurWorkspace: false targetState: Normal currentStableState: Normal mCurrentBlur: 0 mLauncher.getDepthBlurTargets(): [com.android.launcher3.Workspace{3dd7745 V.ED..... ........ 0,0-1080,2400 #7f0a049d app:id/workspace}, com.android.launcher3.Hotseat{400fe9a V.ED..... ........ 0,1905-1080,2400 #7f0a01ee app:id/hotseat}]
04-07 22:14:33.966  1718  1718 V BaseDepthController: Applying blur: 0 to Surface(name=com.google.android.apps.nexuslauncher/com.google.android.apps.nexuslauncher.NexusLauncherActivity#1662)/@0xa2c5f7c applyImmediately: false
04-07 22:14:33.966  1718  1718 D BaseDepthController: shouldBlurWorkspace: false targetState: Normal currentStableState: Normal mCurrentBlur: 0 mLauncher.getDepthBlurTargets(): [com.android.launcher3.Workspace{3dd7745 V.ED..... ........ 0,0-1080,2400 #7f0a049d app:id/workspace}, com.android.launcher3.Hotseat{400fe9a V.ED..... ........ 0,1905-1080,2400 #7f0a01ee app:id/hotseat}]
04-07 22:14:33.982  1718  1718 V BaseDepthController: Applying blur: 0 to Surface(name=com.google.android.apps.nexuslauncher/com.google.android.apps.nexuslauncher.NexusLauncherActivity#1662)/@0xa2c5f7c applyImmediately: false
04-07 22:14:33.983  1718  1718 D BaseDepthController: shouldBlurWorkspace: false targetState: Normal currentStableState: Normal mCurrentBlur: 0 mLauncher.getDepthBlurTargets(): [com.android.launcher3.Workspace{3dd7745 V.ED..... ........ 0,0-1080,2400 #7f0a049d app:id/workspace}, com.android.launcher3.Hotseat{400fe9a V.ED..... ........ 0,1905-1080,2400 #7f0a01ee app:id/hotseat}]
04-07 22:14:33.999  1718  1718 V BaseDepthController: Applying blur: 0 to Surface(name=com.google.android.apps.nexuslauncher/com.google.android.apps.nexuslauncher.NexusLauncherActivity#1662)/@0xa2c5f7c applyImmediately: false
04-07 22:14:33.999  1718  1718 D BaseDepthController: shouldBlurWorkspace: false targetState: Normal currentStableState: Normal mCurrentBlur: 0 mLauncher.getDepthBlurTargets(): [com.android.launcher3.Workspace{3dd7745 V.ED..... ........ 0,0-1080,2400 #7f0a049d app:id/workspace}, com.android.launcher3.Hotseat{400fe9a V.ED..... ........ 0,1905-1080,2400 #7f0a01ee app:id/hotseat}]
04-07 22:14:34.016  1718  1718 V BaseDepthController: Applying blur: 0 to Surface(name=com.google.android.apps.nexuslauncher/com.google.android.apps.nexuslauncher.NexusLauncherActivity#1662)/@0xa2c5f7c applyImmediately: false
04-07 22:14:34.016  1718  1718 D BaseDepthController: shouldBlurWorkspace: false targetState: Normal currentStableState: Normal mCurrentBlur: 0 mLauncher.getDepthBlurTargets(): [com.android.launcher3.Workspace{3dd7745 V.ED..... ........ 0,0-1080,2400 #7f0a049d app:id/workspace}, com.android.launcher3.Hotseat{400fe9a V.ED..... ........ 0,1905-1080,2400 #7f0a01ee app:id/hotseat}]
04-07 22:14:34.034  1718  1718 V BaseDepthController: Applying blur: 0 to Surface(name=com.google.android.apps.nexuslauncher/com.google.android.apps.nexuslauncher.NexusLauncherActivity#1662)/@0xa2c5f7c applyImmediately: false
04-07 22:14:34.034  1718  1718 D BaseDepthController: shouldBlurWorkspace: false targetState: Normal currentStableState: Normal mCurrentBlur: 0 mLauncher.getDepthBlurTargets(): [com.android.launcher3.Workspace{3dd7745 V.ED..... ........ 0,0-1080,2400 #7f0a049d app:id/workspace}, com.android.launcher3.Hotseat{400fe9a V.ED..... ........ 0,1905-1080,2400 #7f0a01ee app:id/hotseat}]
04-07 22:14:34.049  1718  1718 V BaseDepthController: Applying blur: 0 to Surface(name=com.google.android.apps.nexuslauncher/com.google.android.apps.nexuslauncher.NexusLauncherActivity#1662)/@0xa2c5f7c applyImmediately: false
04-07 22:14:34.049  1718  1718 D BaseDepthController: shouldBlurWorkspace: false targetState: Normal currentStableState: Normal mCurrentBlur: 0 mLauncher.getDepthBlurTargets(): [com.android.launcher3.Workspace{3dd7745 V.ED..... ........ 0,0-1080,2400 #7f0a049d app:id/workspace}, com.android.launcher3.Hotseat{400fe9a V.ED..... ........ 0,1905-1080,2400 #7f0a01ee app:id/hotseat}]
04-07 22:14:34.069  1718  1718 V BaseDepthController: Applying blur: 0 to Surface(name=com.google.android.apps.nexuslauncher/com.google.android.apps.nexuslauncher.NexusLauncherActivity#1662)/@0xa2c5f7c applyImmediately: false
04-07 22:14:34.069  1718  1718 D BaseDepthController: shouldBlurWorkspace: false targetState: Normal currentStableState: Normal mCurrentBlur: 0 mLauncher.getDepthBlurTargets(): [com.android.launcher3.Workspace{3dd7745 V.ED..... ........ 0,0-1080,2400 #7f0a049d app:id/workspace}, com.android.launcher3.Hotseat{400fe9a V.ED..... ........ 0,1905-1080,2400 #7f0a01ee app:id/hotseat}]
04-07 22:14:34.086  1718  1718 V BaseDepthController: Applying blur: 0 to Surface(name=com.google.android.apps.nexuslauncher/com.google.android.apps.nexuslauncher.NexusLauncherActivity#1662)/@0xa2c5f7c applyImmediately: false
04-07 22:14:34.087  1718  1718 D BaseDepthController: shouldBlurWorkspace: false targetState: Normal currentStableState: Normal mCurrentBlur: 0 mLauncher.getDepthBlurTargets(): [com.android.launcher3.Workspace{3dd7745 V.ED..... ........ 0,0-1080,2400 #7f0a049d app:id/workspace}, com.android.launcher3.Hotseat{400fe9a V.ED..... ........ 0,1905-1080,2400 #7f0a01ee app:id/hotseat}]
04-07 22:14:34.099  1718  1718 V BaseDepthController: Applying blur: 0 to Surface(name=com.google.android.apps.nexuslauncher/com.google.android.apps.nexuslauncher.NexusLauncherActivity#1662)/@0xa2c5f7c applyImmediately: false
04-07 22:14:34.099  1718  1718 D BaseDepthController: shouldBlurWorkspace: false targetState: Normal currentStableState: Normal mCurrentBlur: 0 mLauncher.getDepthBlurTargets(): [com.android.launcher3.Workspace{3dd7745 V.ED..... ........ 0,0-1080,2400 #7f0a049d app:id/workspace}, com.android.launcher3.Hotseat{400fe9a V.ED..... ........ 0,1905-1080,2400 #7f0a01ee app:id/hotseat}]
04-07 22:14:34.132  1718  1718 V BaseDepthController: Applying blur: 0 to Surface(name=com.google.android.apps.nexuslauncher/com.google.android.apps.nexuslauncher.NexusLauncherActivity#1662)/@0xa2c5f7c applyImmediately: false
04-07 22:14:34.132  1718  1718 D BaseDepthController: shouldBlurWorkspace: false targetState: Normal currentStableState: Normal mCurrentBlur: 0 mLauncher.getDepthBlurTargets(): [com.android.launcher3.Workspace{3dd7745 V.ED..... ........ 0,0-1080,2400 #7f0a049d app:id/workspace}, com.android.launcher3.Hotseat{400fe9a V.ED..... ........ 0,1905-1080,2400 #7f0a01ee app:id/hotseat}]
04-07 22:14:34.149  1718  1718 V BaseDepthController: Applying blur: 0 to Surface(name=com.google.android.apps.nexuslauncher/com.google.android.apps.nexuslauncher.NexusLauncherActivity#1662)/@0xa2c5f7c applyImmediately: false
04-07 22:14:34.149  1718  1718 D BaseDepthController: shouldBlurWorkspace: false targetState: Normal currentStableState: Normal mCurrentBlur: 0 mLauncher.getDepthBlurTargets(): [com.android.launcher3.Workspace{3dd7745 V.ED..... ........ 0,0-1080,2400 #7f0a049d app:id/workspace}, com.android.launcher3.Hotseat{400fe9a V.ED..... ........ 0,1905-1080,2400 #7f0a01ee app:id/hotseat}]
04-07 22:14:34.183  1718  1718 V BaseDepthController: Applying blur: 0 to Surface(name=com.google.android.apps.nexuslauncher/com.google.android.apps.nexuslauncher.NexusLauncherActivity#1662)/@0xa2c5f7c applyImmediately: false
04-07 22:14:34.183  1718  1718 D BaseDepthController: shouldBlurWorkspace: false targetState: Normal currentStableState: Normal mCurrentBlur: 0 mLauncher.getDepthBlurTargets(): [com.android.launcher3.Workspace{3dd7745 V.ED..... ........ 0,0-1080,2400 #7f0a049d app:id/workspace}, com.android.launcher3.Hotseat{400fe9a V.ED..... ........ 0,1905-1080,2400 #7f0a01ee app:id/hotseat}]
04-07 22:14:34.216  1718  1718 V BaseDepthController: Applying blur: 0 to Surface(name=com.google.android.apps.nexuslauncher/com.google.android.apps.nexuslauncher.NexusLauncherActivity#1662)/@0xa2c5f7c applyImmediately: false
04-07 22:14:34.216  1718  1718 D BaseDepthController: shouldBlurWorkspace: false targetState: Normal currentStableState: Normal mCurrentBlur: 0 mLauncher.getDepthBlurTargets(): [com.android.launcher3.Workspace{3dd7745 V.ED..... ........ 0,0-1080,2400 #7f0a049d app:id/workspace}, com.android.launcher3.Hotseat{400fe9a V.ED..... ........ 0,1905-1080,2400 #7f0a01ee app:id/hotseat}]
04-07 22:14:34.265  1718  1718 V BaseDepthController: Applying blur: 0 to Surface(name=com.google.android.apps.nexuslauncher/com.google.android.apps.nexuslauncher.NexusLauncherActivity#1662)/@0xa2c5f7c applyImmediately: false
04-07 22:14:34.266  1718  1718 D BaseDepthController: shouldBlurWorkspace: false targetState: Normal currentStableState: Normal mCurrentBlur: 0 mLauncher.getDepthBlurTargets(): [com.android.launcher3.Workspace{3dd7745 V.ED..... ........ 0,0-1080,2400 #7f0a049d app:id/workspace}, com.android.launcher3.Hotseat{400fe9a V.ED..... ........ 0,1905-1080,2400 #7f0a01ee app:id/hotseat}]
04-07 22:14:34.332  1718  1718 V BaseDepthController: Applying blur: 0 to Surface(name=com.google.android.apps.nexuslauncher/com.google.android.apps.nexuslauncher.NexusLauncherActivity#1662)/@0xa2c5f7c applyImmediately: false
04-07 22:14:34.333  1718  1718 D BaseDepthController: setEarlyWakeup: false
04-07 22:14:34.333  1718  1718 D BaseDepthController: shouldBlurWorkspace: false targetState: Normal currentStableState: Normal mCurrentBlur: 0 mLauncher.getDepthBlurTargets(): [com.android.launcher3.Workspace{3dd7745 V.ED..... ........ 0,0-1080,2400 #7f0a049d app:id/workspace}, com.android.launcher3.Hotseat{400fe9a V.ED..... ........ 0,1905-1080,2400 #7f0a01ee app:id/hotseat}]
04-07 22:14:34.499  1718  1718 D ScalingWorkspaceRevealAnim: onAnimationEnd, workspace and hotseat are visible
04-07 22:14:34.499  1718  1718 V BaseDepthController: Applying blur: 0 to Surface(name=com.google.android.apps.nexuslauncher/com.google.android.apps.nexuslauncher.NexusLauncherActivity#1662)/@0xa2c5f7c applyImmediately: false
04-07 22:14:34.499  1718  1718 D BaseDepthController: shouldBlurWorkspace: false targetState: Normal currentStableState: Normal mCurrentBlur: 0 mLauncher.getDepthBlurTargets(): [com.android.launcher3.Workspace{3dd7745 V.ED..... ......ID 0,0-1080,2400 #7f0a049d app:id/workspace}, com.android.launcher3.Hotseat{400fe9a V.ED..... ......ID 0,1905-1080,2400 #7f0a01ee app:id/hotseat}]
04-07 22:14:34.502  1451  1769 V WindowManagerShell: Received remote transition finished callback for (#151)
04-07 22:14:34.502  1451  1518 V WindowManagerShell: Transition animation finished (aborted=false), notifying core (#151) android.os.BinderProxy@7265940@0
04-07 22:14:34.506   820   857 V WindowManager: Finish Transition (#151): created at 04-07 22:14:32.954 collect-started=0.163ms request-sent=0.317ms started=6.384ms ready=506.939ms sent=515.021ms commit=31.48ms finished=1551.603ms
04-07 22:14:34.508  1451  1518 V WindowManagerShell: Track 0 became idle
04-07 22:14:34.508  1451  1518 V WindowManagerShell: All active transition animations finished
04-07 22:14:34.514   820  1425 W ImageReader_JNI: Unable to acquire a buffer item, very likely client tried to acquire more than maxImages buffers
